// Jest Snapshot v1, https://goo.gl/fbAQLP

exports[`plugins:pagination/get-page returns promise if callback not present 1`] = `
Object {
  "url": "/test",
}
`;
